DEBUG 2025-03-18 12:00:00.261 UTC: 	 CRAB Client version: v3.250217
DEBUG 2025-03-18 12:00:00.261 UTC: 	 Running on: Linux lxplus968.cern.ch 5.14.0-503.23.2.el9_5.x86_64 #1 SMP PREEMPT_DYNAMIC Fri Feb 7 15:07:19 EST 2025 x86_64 x86_64 x86_64 GNU/Linux
DEBUG 2025-03-18 12:00:00.261 UTC: 	 Not using Singularity
DEBUG 2025-03-18 12:00:00.261 UTC: 	 Operating System: Red Hat Enterprise Linux 9.5 (Plow)
DEBUG 2025-03-18 12:00:00.261 UTC: 	 Executing command: 'submit'
DEBUG 2025-03-18 12:00:00.261 UTC: 	 Found CRAB cache file /afs/cern.ch/user/g/gmelachr/.crab3
INFO 2025-03-18 12:00:00.261 UTC: 	 Will use CRAB configuration file crab_Configure.py
DEBUG 2025-03-18 12:00:00.262 UTC: 	 Loading CRAB configuration file.
DEBUG 2025-03-18 12:00:00.265 UTC: 	 Will use CRAB plugin ANALYSIS (i.e. will run an analysis job type).
ERROR 2025-03-18 12:00:00.265 UTC: 	 Working area '/afs/cern.ch/work/g/gmelachr/private/BPHNano/cmsDriverCommand_v6/CMSSW_15_1_0_pre1/src/PhysicsTools/BPHNano/production/BuToJpsiKplus_2022_biased/crab_BuToJpsiKplus_2022_biased' already exists 
Please change the requestName in the config file
ERROR 2025-03-18 12:00:00.265 UTC: 	 Caught ClientException exception
Traceback (most recent call last):
  File "/cvmfs/cms.cern.ch/share/cms/crab-dev/v3.250217.00/bin/crab.py", line 157, in <module>
    client()
  File "/cvmfs/cms.cern.ch/share/cms/crab-dev/v3.250217.00/bin/crab.py", line 135, in __call__
    self.cmd = sub_cmd(self.logger, args[1:])  # the crab command to be executed
  File "/cvmfs/cms.cern.ch/share/cms/crab-dev/v3.250217.00/lib/CRABClient/Commands/submit.py", line 37, in __init__
    SubCommand.__init__(self, logger, cmdargs, disable_interspersed_args=True)
  File "/cvmfs/cms.cern.ch/share/cms/crab-dev/v3.250217.00/lib/CRABClient/Commands/SubCommand.py", line 328, in __init__
    self.requestarea, self.requestname, self.logfile = createWorkArea(
  File "/cvmfs/cms.cern.ch/share/cms/crab-dev/v3.250217.00/lib/CRABClient/ClientUtilities.py", line 392, in createWorkArea
    raise ConfigException("Working area '%s' already exists \nPlease change the requestName in the config file" % fullpath)
CRABClient.ClientExceptions.ConfigException: Working area '/afs/cern.ch/work/g/gmelachr/private/BPHNano/cmsDriverCommand_v6/CMSSW_15_1_0_pre1/src/PhysicsTools/BPHNano/production/BuToJpsiKplus_2022_biased/crab_BuToJpsiKplus_2022_biased' already exists 
Please change the requestName in the config file
INFO 2025-03-18 12:00:00.267 UTC: 	 Log file is /afs/cern.ch/work/g/gmelachr/private/BPHNano/cmsDriverCommand_v6/CMSSW_15_1_0_pre1/src/PhysicsTools/BPHNano/production/crab.log
DEBUG 2025-03-18 12:05:36.807 UTC: 	 CRAB Client version: v3.250217
DEBUG 2025-03-18 12:05:36.807 UTC: 	 Running on: Linux lxplus968.cern.ch 5.14.0-503.23.2.el9_5.x86_64 #1 SMP PREEMPT_DYNAMIC Fri Feb 7 15:07:19 EST 2025 x86_64 x86_64 x86_64 GNU/Linux
DEBUG 2025-03-18 12:05:36.807 UTC: 	 Not using Singularity
DEBUG 2025-03-18 12:05:36.807 UTC: 	 Operating System: Red Hat Enterprise Linux 9.5 (Plow)
DEBUG 2025-03-18 12:05:36.807 UTC: 	 Executing command: 'submit'
DEBUG 2025-03-18 12:05:36.807 UTC: 	 Found CRAB cache file /afs/cern.ch/user/g/gmelachr/.crab3
INFO 2025-03-18 12:05:36.808 UTC: 	 Will use CRAB configuration file crab_Configure.py
DEBUG 2025-03-18 12:05:36.808 UTC: 	 Loading CRAB configuration file.
ERROR 2025-03-18 12:05:36.811 UTC: 	 Invalid CRAB configuration: Parameter Data.unitsPerJob is mandatory for 'FileBased' splitting mode.
The documentation about the CRAB configuration file can be found in https://twiki.cern.ch/twiki/bin/view/CMSPublic/CRAB3ConfigurationFile
ERROR 2025-03-18 12:05:36.811 UTC: 	 Caught ClientException exception
Traceback (most recent call last):
  File "/cvmfs/cms.cern.ch/share/cms/crab-prod/v3.250217.00/bin/crab.py", line 157, in <module>
    client()
  File "/cvmfs/cms.cern.ch/share/cms/crab-prod/v3.250217.00/bin/crab.py", line 135, in __call__
    self.cmd = sub_cmd(self.logger, args[1:])  # the crab command to be executed
  File "/cvmfs/cms.cern.ch/share/cms/crab-prod/v3.250217.00/lib/CRABClient/Commands/submit.py", line 37, in __init__
    SubCommand.__init__(self, logger, cmdargs, disable_interspersed_args=True)
  File "/cvmfs/cms.cern.ch/share/cms/crab-prod/v3.250217.00/lib/CRABClient/Commands/SubCommand.py", line 326, in __init__
    self.loadConfig(self.options.config, self.args)
  File "/cvmfs/cms.cern.ch/share/cms/crab-prod/v3.250217.00/lib/CRABClient/Commands/SubCommand.py", line 95, in loadConfig
    raise ConfigurationException(configmsg)
CRABClient.ClientExceptions.ConfigurationException: Invalid CRAB configuration: Parameter Data.unitsPerJob is mandatory for 'FileBased' splitting mode.
The documentation about the CRAB configuration file can be found in https://twiki.cern.ch/twiki/bin/view/CMSPublic/CRAB3ConfigurationFile
INFO 2025-03-18 12:05:36.813 UTC: 	 Log file is /afs/cern.ch/work/g/gmelachr/private/BPHNano/cmsDriverCommand_v6/CMSSW_15_1_0_pre1/src/PhysicsTools/BPHNano/production/crab.log
DEBUG 2025-03-18 12:05:49.949 UTC: 	 CRAB Client version: v3.250217
DEBUG 2025-03-18 12:05:49.950 UTC: 	 Running on: Linux lxplus968.cern.ch 5.14.0-503.23.2.el9_5.x86_64 #1 SMP PREEMPT_DYNAMIC Fri Feb 7 15:07:19 EST 2025 x86_64 x86_64 x86_64 GNU/Linux
DEBUG 2025-03-18 12:05:49.950 UTC: 	 Not using Singularity
DEBUG 2025-03-18 12:05:49.950 UTC: 	 Operating System: Red Hat Enterprise Linux 9.5 (Plow)
DEBUG 2025-03-18 12:05:49.950 UTC: 	 Executing command: 'submit'
DEBUG 2025-03-18 12:05:49.950 UTC: 	 Found CRAB cache file /afs/cern.ch/user/g/gmelachr/.crab3
INFO 2025-03-18 12:05:49.950 UTC: 	 Will use CRAB configuration file crab_Configure.py
DEBUG 2025-03-18 12:05:49.951 UTC: 	 Loading CRAB configuration file.
DEBUG 2025-03-18 12:05:49.957 UTC: 	 Will use CRAB plugin ANALYSIS (i.e. will run an analysis job type).
ERROR 2025-03-18 12:05:49.957 UTC: 	 Working area '/afs/cern.ch/work/g/gmelachr/private/BPHNano/cmsDriverCommand_v6/CMSSW_15_1_0_pre1/src/PhysicsTools/BPHNano/production/BuToJpsiKplus_2022_biased/crab_BuToJpsiKplus_2022_biased' already exists 
Please change the requestName in the config file
ERROR 2025-03-18 12:05:49.957 UTC: 	 Caught ClientException exception
Traceback (most recent call last):
  File "/cvmfs/cms.cern.ch/share/cms/crab-prod/v3.250217.00/bin/crab.py", line 157, in <module>
    client()
  File "/cvmfs/cms.cern.ch/share/cms/crab-prod/v3.250217.00/bin/crab.py", line 135, in __call__
    self.cmd = sub_cmd(self.logger, args[1:])  # the crab command to be executed
  File "/cvmfs/cms.cern.ch/share/cms/crab-prod/v3.250217.00/lib/CRABClient/Commands/submit.py", line 37, in __init__
    SubCommand.__init__(self, logger, cmdargs, disable_interspersed_args=True)
  File "/cvmfs/cms.cern.ch/share/cms/crab-prod/v3.250217.00/lib/CRABClient/Commands/SubCommand.py", line 328, in __init__
    self.requestarea, self.requestname, self.logfile = createWorkArea(
  File "/cvmfs/cms.cern.ch/share/cms/crab-prod/v3.250217.00/lib/CRABClient/ClientUtilities.py", line 392, in createWorkArea
    raise ConfigException("Working area '%s' already exists \nPlease change the requestName in the config file" % fullpath)
CRABClient.ClientExceptions.ConfigException: Working area '/afs/cern.ch/work/g/gmelachr/private/BPHNano/cmsDriverCommand_v6/CMSSW_15_1_0_pre1/src/PhysicsTools/BPHNano/production/BuToJpsiKplus_2022_biased/crab_BuToJpsiKplus_2022_biased' already exists 
Please change the requestName in the config file
INFO 2025-03-18 12:05:49.959 UTC: 	 Log file is /afs/cern.ch/work/g/gmelachr/private/BPHNano/cmsDriverCommand_v6/CMSSW_15_1_0_pre1/src/PhysicsTools/BPHNano/production/crab.log
DEBUG 2025-03-18 19:48:17.717 UTC: 	 CRAB Client version: v3.250217
DEBUG 2025-03-18 19:48:17.718 UTC: 	 Running on: Linux lxplus941.cern.ch 5.14.0-503.22.1.el9_5.x86_64 #1 SMP PREEMPT_DYNAMIC Wed Jan 15 08:02:15 EST 2025 x86_64 x86_64 x86_64 GNU/Linux
DEBUG 2025-03-18 19:48:17.718 UTC: 	 Not using Singularity
DEBUG 2025-03-18 19:48:17.718 UTC: 	 Operating System: Red Hat Enterprise Linux 9.5 (Plow)
DEBUG 2025-03-18 19:48:17.718 UTC: 	 Executing command: 'submit'
DEBUG 2025-03-18 19:48:17.718 UTC: 	 Found CRAB cache file /afs/cern.ch/user/g/gmelachr/.crab3
INFO 2025-03-18 19:48:17.719 UTC: 	 Will use CRAB configuration file crab_Configure.py
DEBUG 2025-03-18 19:48:17.719 UTC: 	 Loading CRAB configuration file.
DEBUG 2025-03-18 19:48:17.722 UTC: 	 Will use CRAB plugin ANALYSIS (i.e. will run an analysis job type).
ERROR 2025-03-18 19:48:17.722 UTC: 	 Working area '/afs/cern.ch/work/g/gmelachr/private/BPHNano/cmsDriverCommand_v6/CMSSW_15_1_0_pre1/src/PhysicsTools/BPHNano/production/Data_2022/crab_Data_2022' already exists 
Please change the requestName in the config file
ERROR 2025-03-18 19:48:17.722 UTC: 	 Caught ClientException exception
Traceback (most recent call last):
  File "/cvmfs/cms.cern.ch/share/cms/crab-dev/v3.250217.00/bin/crab.py", line 157, in <module>
    client()
  File "/cvmfs/cms.cern.ch/share/cms/crab-dev/v3.250217.00/bin/crab.py", line 135, in __call__
    self.cmd = sub_cmd(self.logger, args[1:])  # the crab command to be executed
  File "/cvmfs/cms.cern.ch/share/cms/crab-dev/v3.250217.00/lib/CRABClient/Commands/submit.py", line 37, in __init__
    SubCommand.__init__(self, logger, cmdargs, disable_interspersed_args=True)
  File "/cvmfs/cms.cern.ch/share/cms/crab-dev/v3.250217.00/lib/CRABClient/Commands/SubCommand.py", line 328, in __init__
    self.requestarea, self.requestname, self.logfile = createWorkArea(
  File "/cvmfs/cms.cern.ch/share/cms/crab-dev/v3.250217.00/lib/CRABClient/ClientUtilities.py", line 392, in createWorkArea
    raise ConfigException("Working area '%s' already exists \nPlease change the requestName in the config file" % fullpath)
CRABClient.ClientExceptions.ConfigException: Working area '/afs/cern.ch/work/g/gmelachr/private/BPHNano/cmsDriverCommand_v6/CMSSW_15_1_0_pre1/src/PhysicsTools/BPHNano/production/Data_2022/crab_Data_2022' already exists 
Please change the requestName in the config file
INFO 2025-03-18 19:48:17.743 UTC: 	 Log file is /afs/cern.ch/work/g/gmelachr/private/BPHNano/cmsDriverCommand_v6/CMSSW_15_1_0_pre1/src/PhysicsTools/BPHNano/production/crab.log
DEBUG 2025-03-20 13:41:27.326 UTC: 	 CRAB Client version: v3.250318
DEBUG 2025-03-20 13:41:27.326 UTC: 	 Running on: Linux lxplus936.cern.ch 5.14.0-503.26.1.el9_5.x86_64 #1 SMP PREEMPT_DYNAMIC Mon Feb 10 05:23:56 EST 2025 x86_64 x86_64 x86_64 GNU/Linux
DEBUG 2025-03-20 13:41:27.326 UTC: 	 Not using Singularity
DEBUG 2025-03-20 13:41:27.326 UTC: 	 Operating System: Red Hat Enterprise Linux 9.5 (Plow)
DEBUG 2025-03-20 13:41:27.326 UTC: 	 Executing command: 'report'
DEBUG 2025-03-20 13:41:27.326 UTC: 	 Found CRAB cache file /afs/cern.ch/user/g/gmelachr/.crab3
ERROR 2025-03-20 13:41:27.368 UTC: 	 Error: Data_2022_C_0/Data_2022_C_0 is not a valid CRAB project directory.
ERROR 2025-03-20 13:41:27.369 UTC: 	 Caught ClientException exception
Traceback (most recent call last):
  File "/cvmfs/cms.cern.ch/share/cms/crab-prod/v3.250318.00/bin/crab.py", line 157, in <module>
    client()
  File "/cvmfs/cms.cern.ch/share/cms/crab-prod/v3.250318.00/bin/crab.py", line 135, in __call__
    self.cmd = sub_cmd(self.logger, args[1:])  # the crab command to be executed
  File "/cvmfs/cms.cern.ch/share/cms/crab-prod/v3.250318.00/lib/CRABClient/Commands/report.py", line 31, in __init__
    SubCommand.__init__(self, logger, cmdargs)
  File "/cvmfs/cms.cern.ch/share/cms/crab-prod/v3.250318.00/lib/CRABClient/Commands/SubCommand.py", line 281, in __init__
    SubCommand.validateOptions(self)
  File "/cvmfs/cms.cern.ch/share/cms/crab-prod/v3.250318.00/lib/CRABClient/Commands/SubCommand.py", line 691, in validateOptions
    raise ConfigurationException(msg)
CRABClient.ClientExceptions.ConfigurationException: [91mError[0m: Data_2022_C_0/Data_2022_C_0 is not a valid CRAB project directory.
INFO 2025-03-20 13:41:27.378 UTC: 	 Log file is /afs/cern.ch/work/g/gmelachr/private/BPHNano/cmsDriverCommand_v6/CMSSW_15_1_0_pre1/src/PhysicsTools/BPHNano/production/crab.log
